// Jest Snapshot v1, https://goo.gl/fbAQLP

exports[`can install a hook that exists 1`] = `
Object {
  "callback": [MockFunction],
  "name": "sayHello",
}
`;
